Traceback (most recent call last):
  File "/usr/local/lib/python3.10/dist-packages/jupyter_cache/executors/utils.py", line 58, in single_nb_execution
    executenb(
  File "/usr/local/lib/python3.10/dist-packages/nbclient/client.py", line 1314, in execute
    return NotebookClient(nb=nb, resources=resources, km=km, **kwargs).execute()
  File "/usr/local/lib/python3.10/dist-packages/jupyter_core/utils/__init__.py", line 165, in wrapped
    return loop.run_until_complete(inner)
  File "/usr/lib/python3.10/asyncio/base_events.py", line 649, in run_until_complete
    return future.result()
  File "/usr/local/lib/python3.10/dist-packages/nbclient/client.py", line 709, in async_execute
    await self.async_execute_cell(
  File "/usr/local/lib/python3.10/dist-packages/nbclient/client.py", line 1062, in async_execute_cell
    await self._check_raise_for_error(cell, cell_index, exec_reply)
  File "/usr/local/lib/python3.10/dist-packages/nbclient/client.py", line 918, in _check_raise_for_error
    raise CellExecutionError.from_cell_and_msg(cell, exec_reply_content)
nbclient.exceptions.CellExecutionError: An error occurred while executing the following cell:
------------------
import streamlit as st
import pickle
import pandas as pd
import networkx as nx
import matplotlib.pyplot as plt

# Judul aplikasi
st.title("Analisis PageRank dengan Streamlit")

# Deskripsi aplikasi
st.write("Aplikasi ini menganalisis PageRank dari sebuah grafik berbasis teks.")

# Pilihan untuk memuat model
uploaded_file = st.file_uploader("Upload File Pickle Model PageRank", type=["pkl"])

if uploaded_file:
    # Load model PageRank
    pagerank_model = pickle.load(uploaded_file)

    # Tampilkan PageRank
    st.subheader("Hasil PageRank")
    sorted_pagerank = sorted(pagerank_model.items(), key=lambda x: x[1], reverse=True)
    for node, rank in sorted_pagerank[:10]:
        st.write(f"Node {node}: {rank:.4f}")

    # Grafik visualisasi (contoh sederhana)
    G = nx.DiGraph()
    for node, rank in pagerank_model.items():
        G.add_node(node, size=rank * 100)

    pos = nx.spring_layout(G, k=0.5)
    plt.figure(figsize=(10, 7))
    nx.draw(G, pos, with_labels=True, node_size=[v * 5000 for v in pagerank_model.values()])
    plt.title("Visualisasi Graph")
    st.pyplot(plt)

------------------


[0;31m---------------------------------------------------------------------------[0m
[0;31mModuleNotFoundError[0m                       Traceback (most recent call last)
[0;32m<ipython-input-17-5c343fdbda70>[0m in [0;36m<cell line: 1>[0;34m()[0m
[0;32m----> 1[0;31m [0;32mimport[0m [0mstreamlit[0m [0;32mas[0m [0mst[0m[0;34m[0m[0;34m[0m[0m
[0m[1;32m      2[0m [0;32mimport[0m [0mpickle[0m[0;34m[0m[0;34m[0m[0m
[1;32m      3[0m [0;32mimport[0m [0mpandas[0m [0;32mas[0m [0mpd[0m[0;34m[0m[0;34m[0m[0m
[1;32m      4[0m [0;32mimport[0m [0mnetworkx[0m [0;32mas[0m [0mnx[0m[0;34m[0m[0;34m[0m[0m
[1;32m      5[0m [0;32mimport[0m [0mmatplotlib[0m[0;34m.[0m[0mpyplot[0m [0;32mas[0m [0mplt[0m[0;34m[0m[0;34m[0m[0m

[0;31mModuleNotFoundError[0m: No module named 'streamlit'

[0;31m---------------------------------------------------------------------------[0;32m
NOTE: If your import is failing due to a missing package, you can
manually install dependencies using either !pip or !apt.

To view examples of installing some common dependencies, click the
"Open Examples" button below.
[0;31m---------------------------------------------------------------------------[0m


